Archive member included to satisfy reference by file (symbol)

D:/Application/CubeIDE/STM32CubeIDE_1.18.1/STM32CubeIDE/plugins/com.st.stm32cube.ide.mcu.externaltools.gnu-tools-for-stm32.13.3.rel1.win32_1.0.0.202411081344/tools/bin/../lib/gcc/arm-none-eabi/13.3.1/../../../../arm-none-eabi/lib/thumb/v7e-m+fp/hard\libc_nano.a(libc_a-exit.o)
                              D:/Application/CubeIDE/STM32CubeIDE_1.18.1/STM32CubeIDE/plugins/com.st.stm32cube.ide.mcu.externaltools.gnu-tools-for-stm32.13.3.rel1.win32_1.0.0.202411081344/tools/bin/../lib/gcc/arm-none-eabi/13.3.1/../../../../arm-none-eabi/lib/thumb/v7e-m+fp/hard/crt0.o (exit)
D:/Application/CubeIDE/STM32CubeIDE_1.18.1/STM32CubeIDE/plugins/com.st.stm32cube.ide.mcu.externaltools.gnu-tools-for-stm32.13.3.rel1.win32_1.0.0.202411081344/tools/bin/../lib/gcc/arm-none-eabi/13.3.1/../../../../arm-none-eabi/lib/thumb/v7e-m+fp/hard\libc_nano.a(libc_a-findfp.o)
                              D:/Application/CubeIDE/STM32CubeIDE_1.18.1/STM32CubeIDE/plugins/com.st.stm32cube.ide.mcu.externaltools.gnu-tools-for-stm32.13.3.rel1.win32_1.0.0.202411081344/tools/bin/../lib/gcc/arm-none-eabi/13.3.1/../../../../arm-none-eabi/lib/thumb/v7e-m+fp/hard\libc_nano.a(libc_a-exit.o) (__stdio_exit_handler)
D:/Application/CubeIDE/STM32CubeIDE_1.18.1/STM32CubeIDE/plugins/com.st.stm32cube.ide.mcu.externaltools.gnu-tools-for-stm32.13.3.rel1.win32_1.0.0.202411081344/tools/bin/../lib/gcc/arm-none-eabi/13.3.1/../../../../arm-none-eabi/lib/thumb/v7e-m+fp/hard\libc_nano.a(libc_a-fwalk.o)
                              D:/Application/CubeIDE/STM32CubeIDE_1.18.1/STM32CubeIDE/plugins/com.st.stm32cube.ide.mcu.externaltools.gnu-tools-for-stm32.13.3.rel1.win32_1.0.0.202411081344/tools/bin/../lib/gcc/arm-none-eabi/13.3.1/../../../../arm-none-eabi/lib/thumb/v7e-m+fp/hard\libc_nano.a(libc_a-findfp.o) (_fwalk_sglue)
D:/Application/CubeIDE/STM32CubeIDE_1.18.1/STM32CubeIDE/plugins/com.st.stm32cube.ide.mcu.externaltools.gnu-tools-for-stm32.13.3.rel1.win32_1.0.0.202411081344/tools/bin/../lib/gcc/arm-none-eabi/13.3.1/../../../../arm-none-eabi/lib/thumb/v7e-m+fp/hard\libc_nano.a(libc_a-stdio.o)
                              D:/Application/CubeIDE/STM32CubeIDE_1.18.1/STM32CubeIDE/plugins/com.st.stm32cube.ide.mcu.externaltools.gnu-tools-for-stm32.13.3.rel1.win32_1.0.0.202411081344/tools/bin/../lib/gcc/arm-none-eabi/13.3.1/../../../../arm-none-eabi/lib/thumb/v7e-m+fp/hard\libc_nano.a(libc_a-findfp.o) (__sread)
D:/Application/CubeIDE/STM32CubeIDE_1.18.1/STM32CubeIDE/plugins/com.st.stm32cube.ide.mcu.externaltools.gnu-tools-for-stm32.13.3.rel1.win32_1.0.0.202411081344/tools/bin/../lib/gcc/arm-none-eabi/13.3.1/../../../../arm-none-eabi/lib/thumb/v7e-m+fp/hard\libc_nano.a(libc_a-memset.o)
                              D:/Application/CubeIDE/STM32CubeIDE_1.18.1/STM32CubeIDE/plugins/com.st.stm32cube.ide.mcu.externaltools.gnu-tools-for-stm32.13.3.rel1.win32_1.0.0.202411081344/tools/bin/../lib/gcc/arm-none-eabi/13.3.1/../../../../arm-none-eabi/lib/thumb/v7e-m+fp/hard/crt0.o (memset)
D:/Application/CubeIDE/STM32CubeIDE_1.18.1/STM32CubeIDE/plugins/com.st.stm32cube.ide.mcu.externaltools.gnu-tools-for-stm32.13.3.rel1.win32_1.0.0.202411081344/tools/bin/../lib/gcc/arm-none-eabi/13.3.1/../../../../arm-none-eabi/lib/thumb/v7e-m+fp/hard\libc_nano.a(libc_a-closer.o)
                              D:/Application/CubeIDE/STM32CubeIDE_1.18.1/STM32CubeIDE/plugins/com.st.stm32cube.ide.mcu.externaltools.gnu-tools-for-stm32.13.3.rel1.win32_1.0.0.202411081344/tools/bin/../lib/gcc/arm-none-eabi/13.3.1/../../../../arm-none-eabi/lib/thumb/v7e-m+fp/hard\libc_nano.a(libc_a-stdio.o) (_close_r)
D:/Application/CubeIDE/STM32CubeIDE_1.18.1/STM32CubeIDE/plugins/com.st.stm32cube.ide.mcu.externaltools.gnu-tools-for-stm32.13.3.rel1.win32_1.0.0.202411081344/tools/bin/../lib/gcc/arm-none-eabi/13.3.1/../../../../arm-none-eabi/lib/thumb/v7e-m+fp/hard\libc_nano.a(libc_a-reent.o)
                              D:/Application/CubeIDE/STM32CubeIDE_1.18.1/STM32CubeIDE/plugins/com.st.stm32cube.ide.mcu.externaltools.gnu-tools-for-stm32.13.3.rel1.win32_1.0.0.202411081344/tools/bin/../lib/gcc/arm-none-eabi/13.3.1/../../../../arm-none-eabi/lib/thumb/v7e-m+fp/hard\libc_nano.a(libc_a-closer.o) (errno)
D:/Application/CubeIDE/STM32CubeIDE_1.18.1/STM32CubeIDE/plugins/com.st.stm32cube.ide.mcu.externaltools.gnu-tools-for-stm32.13.3.rel1.win32_1.0.0.202411081344/tools/bin/../lib/gcc/arm-none-eabi/13.3.1/../../../../arm-none-eabi/lib/thumb/v7e-m+fp/hard\libc_nano.a(libc_a-impure.o)
                              D:/Application/CubeIDE/STM32CubeIDE_1.18.1/STM32CubeIDE/plugins/com.st.stm32cube.ide.mcu.externaltools.gnu-tools-for-stm32.13.3.rel1.win32_1.0.0.202411081344/tools/bin/../lib/gcc/arm-none-eabi/13.3.1/../../../../arm-none-eabi/lib/thumb/v7e-m+fp/hard\libc_nano.a(libc_a-reent.o) (_impure_ptr)
[...]
Memory Configuration

Name             Origin             Length             Attributes
CCMSRAM          0x10000000         0x00008000         xrw
RAM              0x20000000         0x00020000         xrw
FLASH            0x08000000         0x00080000         xr
*default*        0x00000000         0xffffffff

Linker script and memory map

LOAD D:/Application/CubeIDE/STM32CubeIDE_1.18.1/STM32CubeIDE/plugins/com.st.stm32cube.ide.mcu.externaltools.gnu-tools-for-stm32.13.3.rel1.win32_1.0.0.202411081344/tools/bin/../lib/gcc/arm-none-eabi/13.3.1/thumb/v7e-m+fp/hard/crti.o
LOAD D:/Application/CubeIDE/STM32CubeIDE_1.18.1/STM32CubeIDE/plugins/com.st.stm32cube.ide.mcu.externaltools.gnu-tools-for-stm32.13.3.rel1.win32_1.0.0.202411081344/tools/bin/../lib/gcc/arm-none-eabi/13.3.1/thumb/v7e-m+fp/hard/crtbegin.o
LOAD D:/Application/CubeIDE/STM32CubeIDE_1.18.1/STM32CubeIDE/plugins/com.st.stm32cube.ide.mcu.externaltools.gnu-tools-for-stm32.13.3.rel1.win32_1.0.0.202411081344/tools/bin/../lib/gcc/arm-none-eabi/13.3.1/../../../../arm-none-eabi/lib/thumb/v7e-m+fp/hard/crt0.o
LOAD ./Src/GPIO_labs/firstlab_2.o
LOAD ./Src/syscalls.o
LOAD ./Src/sysmem.o
LOAD ./Startup/startup_stm32g474vetx.o
START GROUP
LOAD D:/Application/CubeIDE/STM32CubeIDE_1.18.1/STM32CubeIDE/plugins/com.st.stm32cube.ide.mcu.externaltools.gnu-tools-for-stm32.13.3.rel1.win32_1.0.0.202411081344/tools/bin/../lib/gcc/arm-none-eabi/13.3.1/../../../../arm-none-eabi/lib/thumb/v7e-m+fp/hard\libc_nano.a
LOAD D:/Application/CubeIDE/STM32CubeIDE_1.18.1/STM32CubeIDE/plugins/com.st.stm32cube.ide.mcu.externaltools.gnu-tools-for-stm32.13.3.rel1.win32_1.0.0.202411081344/tools/bin/../lib/gcc/arm-none-eabi/13.3.1/../../../../arm-none-eabi/lib/thumb/v7e-m+fp/hard\libm.a
END GROUP
START GROUP
LOAD D:/Application/CubeIDE/STM32CubeIDE_1.18.1/STM32CubeIDE/plugins/com.st.stm32cube.ide.mcu.externaltools.gnu-tools-for-stm32.13.3.rel1.win32_1.0.0.202411081344/tools/bin/../lib/gcc/arm-none-eabi/13.3.1/thumb/v7e-m+fp/hard\libgcc.a
LOAD D:/Application/CubeIDE/STM32CubeIDE_1.18.1/STM32CubeIDE/plugins/com.st.stm32cube.ide.mcu.externaltools.gnu-tools-for-stm32.13.3.rel1.win32_1.0.0.202411081344/tools/bin/../lib/gcc/arm-none-eabi/13.3.1/../../../../arm-none-eabi/lib/thumb/v7e-m+fp/hard\libc_nano.a
END GROUP
START GROUP
LOAD D:/Application/CubeIDE/STM32CubeIDE_1.18.1/STM32CubeIDE/plugins/com.st.stm32cube.ide.mcu.externaltools.gnu-tools-for-stm32.13.3.rel1.win32_1.0.0.202411081344/tools/bin/../lib/gcc/arm-none-eabi/13.3.1/thumb/v7e-m+fp/hard\libgcc.a
LOAD D:/Application/CubeIDE/STM32CubeIDE_1.18.1/STM32CubeIDE/plugins/com.st.stm32cube.ide.mcu.externaltools.gnu-tools-for-stm32.13.3.rel1.win32_1.0.0.202411081344/tools/bin/../lib/gcc/arm-none-eabi/13.3.1/../../../../arm-none-eabi/lib/thumb/v7e-m+fp/hard\libc_nano.a
LOAD D:/Application/CubeIDE/STM32CubeIDE_1.18.1/STM32CubeIDE/plugins/com.st.stm32cube.ide.mcu.externaltools.gnu-tools-for-stm32.13.3.rel1.win32_1.0.0.202411081344/tools/bin/../lib/gcc/arm-none-eabi/13.3.1/../../../../arm-none-eabi/lib/thumb/v7e-m+fp/hard\libnosys.a
END GROUP
START GROUP
LOAD D:/Application/CubeIDE/STM32CubeIDE_1.18.1/STM32CubeIDE/plugins/com.st.stm32cube.ide.mcu.externaltools.gnu-tools-for-stm32.13.3.rel1.win32_1.0.0.202411081344/tools/bin/../lib/gcc/arm-none-eabi/13.3.1/thumb/v7e-m+fp/hard\libgcc.a
LOAD D:/Application/CubeIDE/STM32CubeIDE_1.18.1/STM32CubeIDE/plugins/com.st.stm32cube.ide.mcu.externaltools.gnu-tools-for-stm32.13.3.rel1.win32_1.0.0.202411081344/tools/bin/../lib/gcc/arm-none-eabi/13.3.1/../../../../arm-none-eabi/lib/thumb/v7e-m+fp/hard\libc_nano.a
LOAD D:/Application/CubeIDE/STM32CubeIDE_1.18.1/STM32CubeIDE/plugins/com.st.stm32cube.ide.mcu.externaltools.gnu-tools-for-stm32.13.3.rel1.win32_1.0.0.202411081344/tools/bin/../lib/gcc/arm-none-eabi/13.3.1/../../../../arm-none-eabi/lib/thumb/v7e-m+fp/hard\libnosys.a
END GROUP
LOAD D:/Application/CubeIDE/STM32CubeIDE_1.18.1/STM32CubeIDE/plugins/com.st.stm32cube.ide.mcu.externaltools.gnu-tools-for-stm32.13.3.rel1.win32_1.0.0.202411081344/tools/bin/../lib/gcc/arm-none-eabi/13.3.1/thumb/v7e-m+fp/hard/crtend.o
LOAD D:/Application/CubeIDE/STM32CubeIDE_1.18.1/STM32CubeIDE/plugins/com.st.stm32cube.ide.mcu.externaltools.gnu-tools-for-stm32.13.3.rel1.win32_1.0.0.202411081344/tools/bin/../lib/gcc/arm-none-eabi/13.3.1/thumb/v7e-m+fp/hard/crtn.o
                0x20020000                        _estack = (ORIGIN (RAM) + LENGTH (RAM))
                0x00000200                        _Min_Heap_Size = 0x200
                0x00000400                        _Min_Stack_Size = 0x400

.isr_vector     0x08000000      0x1d8
                0x08000000                        . = ALIGN (0x4)
 *(.isr_vector)
 .isr_vector    0x08000000      0x1d8 ./Startup/startup_stm32g474vetx.o
                0x08000000                g_pfnVectors
                0x080001d8                        . = ALIGN (0x4)

.text           0x080001d8      0x194
                0x080001d8                        . = ALIGN (0x4)
 *(.text)
 .text          0x080001d8       0x40 D:/Application/CubeIDE/STM32CubeIDE_1.18.1/STM32CubeIDE/plugins/com.st.stm32cube.ide.mcu.externaltools.gnu-tools-for-stm32.13.3.rel1.win32_1.0.0.202411081344/tools/bin/../lib/gcc/arm-none-eabi/13.3.1/thumb/v7e-m+fp/hard/crtbegin.o
 *(.text*)
 .text.main     0x08000218       0xa0 ./Src/GPIO_labs/firstlab_2.o
                0x08000218                main
 .text.Reset_Handler
                0x080002b8       0x50 ./Startup/startup_stm32g474vetx.o
                0x080002b8                Reset_Handler
 .text.Default_Handler
                0x08000308        0x2 ./Startup/startup_stm32g474vetx.o
                0x08000308                EXTI2_IRQHandler
                0x08000308                TIM8_TRG_COM_IRQHandler
                0x08000308                TIM8_CC_IRQHandler
                0x08000308                DMA2_CH8_IRQHandler
                0x08000308                DebugMon_Handler
                0x08000308                DMA1_CH4_IRQHandler
                0x08000308                SPI4_IRQHandler
                0x08000308                HRTIM_TIM_FLT_IRQn_IRQHandler
                0x08000308                FDCAN3_IT0_IRQHandler
                0x08000308                TIM1_CC_IRQHandler
                0x08000308                Cordic_IRQHandler
                0x08000308                HardFault_Handler
                0x08000308                USB_HP_IRQHandler
                0x08000308                SysTick_Handler
                0x08000308                PendSV_Handler
                0x08000308                NMI_Handler
                0x08000308                HRTIM_TIMD_IRQn_IRQHandler
                0x08000308                EXTI3_IRQHandler
                0x08000308                I2C3_ER_IRQHandler
                0x08000308                HRTIM_Master_IRQn_IRQHandler
                0x08000308                DMA1_CH8_IRQHandler
                0x08000308                TIM6_DACUNDER_IRQHandler
                0x08000308                EXTI0_IRQHandler
                0x08000308                I2C2_EV_IRQHandler
                0x08000308                DMA2_CH1_IRQHandler
                0x08000308                FPU_IRQHandler
                0x08000308                FDCAN1_IT1_IRQHandler
                0x08000308                TIM1_UP_TIM16_IRQHandler
                0x08000308                DMA2_CH7_IRQHandler
                0x08000308                UsageFault_Handler
                0x08000308                ADC1_2_IRQHandler
                0x08000308                SPI1_IRQHandler
                0x08000308                DMA1_CH7_IRQHandler
                0x08000308                HRTIM_TIMB_IRQn_IRQHandler
                0x08000308                TIM8_UP_IRQHandler
                0x08000308                USBWakeUP_IRQHandler
                0x08000308                RTC_ALARM_IRQHandler
                0x08000308                DMA1_CH6_IRQHandler
                0x08000308                TIM20_TRG_COM_IRQHandler
                0x08000308                USART3_IRQHandler
                0x08000308                LPUART_IRQHandler
                0x08000308                UART5_IRQHandler
                0x08000308                ADC3_IRQHandler
                0x08000308                TIM4_IRQHandler
                0x08000308                QUADSPI_IRQHandler
                0x08000308                I2C1_EV_IRQHandler
                0x08000308                DMA2_CH5_IRQHandler
                0x08000308                UART4_IRQHandler
                0x08000308                DMA1_CH3_IRQHandler
                0x08000308                TIM3_IRQHandler
                0x08000308                RCC_IRQHandler
                0x08000308                TIM20_UP_IRQHandler
                0x08000308                TIM1_TRG_COM_IRQHandler
                0x08000308                Default_Handler
                0x08000308                FMAC_IRQHandler
                0x08000308                EXTI15_10_IRQHandler
                0x08000308                TIM7_IRQHandler
                0x08000308                FDCAN3_IT1_IRQHandler
                0x08000308                TIM5_IRQHandler
                0x08000308                UCPD1_IRQHandler
                0x08000308                I2C3_EV_IRQHandler
                0x08000308                EXTI9_5_IRQHandler
                0x08000308                DMA1_CH2_IRQHandler
                0x08000308                RTC_WKUP_IRQHandler
                0x08000308                SAI_IRQHandler
                0x08000308                PVD_PVM_IRQHandler
                0x08000308                SPI2_IRQHandler
                0x08000308                DMA1_CH1_IRQHandler
                0x08000308                MemManage_Handler
                0x08000308                ADC5_IRQHandler
                0x08000308                SVC_Handler
                0x08000308                CRS_IRQHandler
                0x08000308                USB_LP_IRQHandler
                0x08000308                EXTI4_IRQHandler
                0x08000308                RNG_IRQHandler
                0x08000308                FDCAN2_IT1_IRQHandler
                0x08000308                HRTIM_TIMF_IRQn_IRQHandler
                0x08000308                ADC4_IRQHandler
                0x08000308                HRTIM_TIMA_IRQn_IRQHandler
                0x08000308                WWDG_IRQHandler
                0x08000308                I2C4_EV_IRQHandler
                0x08000308                FDCAN2_IT0_IRQHandler
                0x08000308                FDCAN1_IT0_IRQHandler
                0x08000308                TIM2_IRQHandler
                0x08000308                COMP7_IRQHandler
                0x08000308                COMP1_2_3_IRQHandler
                0x08000308                EXTI1_IRQHandler
                0x08000308                HRTIM_TIMC_IRQn_IRQHandler
                0x08000308                USART2_IRQHandler
                0x08000308                COMP4_5_6_IRQHandler
                0x08000308                TIM20_BRK_IRQHandler
                0x08000308                I2C2_ER_IRQHandler
                0x08000308                TIM8_BRK_IRQHandler
                0x08000308                FLASH_IRQHandler
                0x08000308                TIM20_CC_IRQHandler
                0x08000308                BusFault_Handler
                0x08000308                USART1_IRQHandler
                0x08000308                SPI3_IRQHandler
                0x08000308                DMA2_CH6_IRQHandler
                0x08000308                DMA2_CH3_IRQHandler
                0x08000308                DMA2_CH2_IRQHandler
                0x08000308                I2C1_ER_IRQHandler
                0x08000308                FMC_IRQHandler
                0x08000308                DMA1_CH5_IRQHandler
                0x08000308                DMA2_CH4_IRQHandler
                0x08000308                LPTIM1_IRQHandler
                0x08000308                DMAMUX_OVR_IRQHandler
                0x08000308                I2C4_ER_IRQHandler
                0x08000308                HRTIM_TIME_IRQn_IRQHandler
                0x08000308                RTC_TAMP_CSS_LSE_IRQHandler
                0x08000308                TIM1_BRK_TIM15_IRQHandler
 *fill*         0x0800030a        0x2 
 .text.__libc_init_array
                0x0800030c       0x48 D:/Application/CubeIDE/STM32CubeIDE_1.18.1/STM32CubeIDE/plugins/com.st.stm32cube.ide.mcu.externaltools.gnu-tools-for-stm32.13.3.rel1.win32_1.0.0.202411081344/tools/bin/../lib/gcc/arm-none-eabi/13.3.1/../../../../arm-none-eabi/lib/thumb/v7e-m+fp/hard\libc_nano.a(libc_a-init.o)
                0x0800030c                __libc_init_array
 *(.glue_7)
 .glue_7        0x08000354        0x0 linker stubs
 *(.glue_7t)
 .glue_7t       0x08000354        0x0 linker stubs
 *(.eh_frame)
 .eh_frame      0x08000354        0x0 D:/Application/CubeIDE/STM32CubeIDE_1.18.1/STM32CubeIDE/plugins/com.st.stm32cube.ide.mcu.externaltools.gnu-tools-for-stm32.13.3.rel1.win32_1.0.0.202411081344/tools/bin/../lib/gcc/arm-none-eabi/13.3.1/thumb/v7e-m+fp/hard/crtbegin.o
 *(.init)
 .init          0x08000354        0x4 D:/Application/CubeIDE/STM32CubeIDE_1.18.1/STM32CubeIDE/plugins/com.st.stm32cube.ide.mcu.externaltools.gnu-tools-for-stm32.13.3.rel1.win32_1.0.0.202411081344/tools/bin/../lib/gcc/arm-none-eabi/13.3.1/thumb/v7e-m+fp/hard/crti.o
                0x08000354                _init
 .init          0x08000358        0x8 D:/Application/CubeIDE/STM32CubeIDE_1.18.1/STM32CubeIDE/plugins/com.st.stm32cube.ide.mcu.externaltools.gnu-tools-for-stm32.13.3.rel1.win32_1.0.0.202411081344/tools/bin/../lib/gcc/arm-none-eabi/13.3.1/thumb/v7e-m+fp/hard/crtn.o
 *(.fini)
 .fini          0x08000360        0x4 D:/Application/CubeIDE/STM32CubeIDE_1.18.1/STM32CubeIDE/plugins/com.st.stm32cube.ide.mcu.externaltools.gnu-tools-for-stm32.13.3.rel1.win32_1.0.0.202411081344/tools/bin/../lib/gcc/arm-none-eabi/13.3.1/thumb/v7e-m+fp/hard/crti.o
                0x08000360                _fini
 .fini          0x08000364        0x8 D:/Application/CubeIDE/STM32CubeIDE_1.18.1/STM32CubeIDE/plugins/com.st.stm32cube.ide.mcu.externaltools.gnu-tools-for-stm32.13.3.rel1.win32_1.0.0.202411081344/tools/bin/../lib/gcc/arm-none-eabi/13.3.1/thumb/v7e-m+fp/hard/crtn.o
                0x0800036c                        . = ALIGN (0x4)
                0x0800036c                        _etext = .

.vfp11_veneer   0x0800036c        0x0
 .vfp11_veneer  0x0800036c        0x0 linker stubs

.v4_bx          0x0800036c        0x0
 .v4_bx         0x0800036c        0x0 linker stubs

.iplt           0x0800036c        0x0
 .iplt          0x0800036c        0x0 D:/Application/CubeIDE/STM32CubeIDE_1.18.1/STM32CubeIDE/plugins/com.st.stm32cube.ide.mcu.externaltools.gnu-tools-for-stm32.13.3.rel1.win32_1.0.0.202411081344/tools/bin/../lib/gcc/arm-none-eabi/13.3.1/thumb/v7e-m+fp/hard/crtbegin.o

.rodata         0x0800036c        0x0
                0x0800036c                        . = ALIGN (0x4)
 *(.rodata)
 *(.rodata*)
                0x0800036c                        . = ALIGN (0x4)

.ARM.extab      0x0800036c        0x0
                0x0800036c                        . = ALIGN (0x4)
 *(.ARM.extab* .gnu.linkonce.armextab.*)
                0x0800036c                        . = ALIGN (0x4)

.ARM            0x0800036c        0x0
                0x0800036c                        . = ALIGN (0x4)
                0x0800036c                        __exidx_start = .
 *(.ARM.exidx*)
                0x0800036c                        __exidx_end = .
                0x0800036c                        . = ALIGN (0x4)

.preinit_array  0x0800036c        0x0
                0x0800036c                        . = ALIGN (0x4)
                0x0800036c                        PROVIDE (__preinit_array_start = .)
 *(.preinit_array*)
                0x0800036c                        PROVIDE (__preinit_array_end = .)
                0x0800036c                        . = ALIGN (0x4)

.init_array     0x0800036c        0x4
                0x0800036c                        . = ALIGN (0x4)
                0x0800036c                        PROVIDE (__init_array_start = .)
 *(SORT_BY_NAME(.init_array.*))
 *(.init_array*)
 .init_array    0x0800036c        0x4 D:/Application/CubeIDE/STM32CubeIDE_1.18.1/STM32CubeIDE/plugins/com.st.stm32cube.ide.mcu.externaltools.gnu-tools-for-stm32.13.3.rel1.win32_1.0.0.202411081344/tools/bin/../lib/gcc/arm-none-eabi/13.3.1/thumb/v7e-m+fp/hard/crtbegin.o
                0x08000370                        PROVIDE (__init_array_end = .)
                0x08000370                        . = ALIGN (0x4)

.fini_array     0x08000370        0x4
                0x08000370                        . = ALIGN (0x4)
                [!provide]                        PROVIDE (__fini_array_start = .)
 *(SORT_BY_NAME(.fini_array.*))
 *(.fini_array*)
 .fini_array    0x08000370        0x4 D:/Application/CubeIDE/STM32CubeIDE_1.18.1/STM32CubeIDE/plugins/com.st.stm32cube.ide.mcu.externaltools.gnu-tools-for-stm32.13.3.rel1.win32_1.0.0.202411081344/tools/bin/../lib/gcc/arm-none-eabi/13.3.1/thumb/v7e-m+fp/hard/crtbegin.o
                [!provide]                        PROVIDE (__fini_array_end = .)
                0x08000374                        . = ALIGN (0x4)
                0x08000374                        _sidata = LOADADDR (.data)

.rel.dyn        0x08000374        0x0
 .rel.iplt      0x08000374        0x0 D:/Application/CubeIDE/STM32CubeIDE_1.18.1/STM32CubeIDE/plugins/com.st.stm32cube.ide.mcu.externaltools.gnu-tools-for-stm32.13.3.rel1.win32_1.0.0.202411081344/tools/bin/../lib/gcc/arm-none-eabi/13.3.1/thumb/v7e-m+fp/hard/crtbegin.o

.data           0x20000000        0x0 load address 0x08000374
                0x20000000                        . = ALIGN (0x4)
                0x20000000                        _sdata = .
 *(.data)
 *(.data*)
 *(.RamFunc)
 *(.RamFunc*)
                0x20000000                        . = ALIGN (0x4)
                0x20000000                        _edata = .
                0x08000374                        _siccmsram = LOADADDR (.ccmsram)

.igot.plt       0x20000000        0x0 load address 0x08000374
 .igot.plt      0x20000000        0x0 D:/Application/CubeIDE/STM32CubeIDE_1.18.1/STM32CubeIDE/plugins/com.st.stm32cube.ide.mcu.externaltools.gnu-tools-for-stm32.13.3.rel1.win32_1.0.0.202411081344/tools/bin/../lib/gcc/arm-none-eabi/13.3.1/thumb/v7e-m+fp/hard/crtbegin.o

.ccmsram        0x10000000        0x0 load address 0x08000374
                0x10000000                        . = ALIGN (0x4)
                0x10000000                        _sccmsram = .
 *(.ccmsram)
 *(.ccmsram*)
                0x10000000                        . = ALIGN (0x4)
                0x10000000                        _eccmsram = .
                0x10000000                        . = ALIGN (0x4)

.bss            0x20000000       0x1c
                0x20000000                        _sbss = .
                0x20000000                        __bss_start__ = _sbss
 *(.bss)
 .bss           0x20000000       0x1c D:/Application/CubeIDE/STM32CubeIDE_1.18.1/STM32CubeIDE/plugins/com.st.stm32cube.ide.mcu.externaltools.gnu-tools-for-stm32.13.3.rel1.win32_1.0.0.202411081344/tools/bin/../lib/gcc/arm-none-eabi/13.3.1/thumb/v7e-m+fp/hard/crtbegin.o
 *(.bss*)
 *(COMMON)
                0x2000001c                        . = ALIGN (0x4)
                0x2000001c                        _ebss = .
                0x2000001c                        __bss_end__ = _ebss

._user_heap_stack
                0x2000001c      0x604
                0x20000020                        . = ALIGN (0x8)
 *fill*         0x2000001c        0x4 
                [!provide]                        PROVIDE (end = .)
                0x20000020                        PROVIDE (_end = .)
                0x20000220                        . = (. + _Min_Heap_Size)
 *fill*         0x20000020      0x200 
                0x20000620                        . = (. + _Min_Stack_Size)
 *fill*         0x20000220      0x400 
                0x20000620                        . = ALIGN (0x8)

/DISCARD/
 libc.a(*)
 libm.a(*)
 libgcc.a(*)

.ARM.attributes
                0x00000000       0x30
 *(.ARM.attributes)
 .ARM.attributes
                0x00000000       0x22 D:/Application/CubeIDE/STM32CubeIDE_1.18.1/STM32CubeIDE/plugins/com.st.stm32cube.ide.mcu.externaltools.gnu-tools-for-stm32.13.3.rel1.win32_1.0.0.202411081344/tools/bin/../lib/gcc/arm-none-eabi/13.3.1/thumb/v7e-m+fp/hard/crti.o
 .ARM.attributes
                0x00000022       0x34 D:/Application/CubeIDE/STM32CubeIDE_1.18.1/STM32CubeIDE/plugins/com.st.stm32cube.ide.mcu.externaltools.gnu-tools-for-stm32.13.3.rel1.win32_1.0.0.202411081344/tools/bin/../lib/gcc/arm-none-eabi/13.3.1/thumb/v7e-m+fp/hard/crtbegin.o
 .ARM.attributes
                0x00000056       0x34 ./Src/GPIO_labs/firstlab_2.o
 .ARM.attributes
                0x0000008a       0x21 ./Startup/startup_stm32g474vetx.o
 .ARM.attributes
                0x000000ab       0x34 D:/Application/CubeIDE/STM32CubeIDE_1.18.1/STM32CubeIDE/plugins/com.st.stm32cube.ide.mcu.externaltools.gnu-tools-for-stm32.13.3.rel1.win32_1.0.0.202411081344/tools/bin/../lib/gcc/arm-none-eabi/13.3.1/../../../../arm-none-eabi/lib/thumb/v7e-m+fp/hard\libc_nano.a(libc_a-init.o)
 .ARM.attributes
                0x000000df       0x22 D:/Application/CubeIDE/STM32CubeIDE_1.18.1/STM32CubeIDE/plugins/com.st.stm32cube.ide.mcu.externaltools.gnu-tools-for-stm32.13.3.rel1.win32_1.0.0.202411081344/tools/bin/../lib/gcc/arm-none-eabi/13.3.1/thumb/v7e-m+fp/hard/crtn.o
OUTPUT(the_first.elf elf32-littlearm)
LOAD linker stubs
LOAD D:/Application/CubeIDE/STM32CubeIDE_1.18.1/STM32CubeIDE/plugins/com.st.stm32cube.ide.mcu.externaltools.gnu-tools-for-stm32.13.3.rel1.win32_1.0.0.202411081344/tools/bin/../lib/gcc/arm-none-eabi/13.3.1/../../../../arm-none-eabi/lib/thumb/v7e-m+fp/hard\libc.a
LOAD D:/Application/CubeIDE/STM32CubeIDE_1.18.1/STM32CubeIDE/plugins/com.st.stm32cube.ide.mcu.externaltools.gnu-tools-for-stm32.13.3.rel1.win32_1.0.0.202411081344/tools/bin/../lib/gcc/arm-none-eabi/13.3.1/../../../../arm-none-eabi/lib/thumb/v7e-m+fp/hard\libm.a
LOAD D:/Application/CubeIDE/STM32CubeIDE_1.18.1/STM32CubeIDE/plugins/com.st.stm32cube.ide.mcu.externaltools.gnu-tools-for-stm32.13.3.rel1.win32_1.0.0.202411081344/tools/bin/../lib/gcc/arm-none-eabi/13.3.1/thumb/v7e-m+fp/hard\libgcc.a

.debug_info     0x00000000      0x368
 .debug_info    0x00000000      0x338 ./Src/GPIO_labs/firstlab_2.o
 .debug_info    0x00000338       0x30 ./Startup/startup_stm32g474vetx.o

.debug_abbrev   0x00000000       0xdb
 .debug_abbrev  0x00000000       0xb7 ./Src/GPIO_labs/firstlab_2.o
 .debug_abbrev  0x000000b7       0x24 ./Startup/startup_stm32g474vetx.o

.debug_aranges  0x00000000       0x48
 .debug_aranges
                0x00000000       0x20 ./Src/GPIO_labs/firstlab_2.o
 .debug_aranges
                0x00000020       0x28 ./Startup/startup_stm32g474vetx.o

.debug_rnglists
                0x00000000       0x2d
 .debug_rnglists
                0x00000000       0x14 ./Src/GPIO_labs/firstlab_2.o
 .debug_rnglists
                0x00000014       0x19 ./Startup/startup_stm32g474vetx.o

.debug_macro    0x00000000    0x1ae07
 .debug_macro   0x00000000       0xbf ./Src/GPIO_labs/firstlab_2.o
 .debug_macro   0x000000bf      0xade ./Src/GPIO_labs/firstlab_2.o
 .debug_macro   0x00000b9d       0x28 ./Src/GPIO_labs/firstlab_2.o
 .debug_macro   0x00000bc5       0x22 ./Src/GPIO_labs/firstlab_2.o
 .debug_macro   0x00000be7       0x8e ./Src/GPIO_labs/firstlab_2.o
 .debug_macro   0x00000c75       0x51 ./Src/GPIO_labs/firstlab_2.o
 .debug_macro   0x00000cc6      0x103 ./Src/GPIO_labs/firstlab_2.o
 .debug_macro   0x00000dc9       0x6a ./Src/GPIO_labs/firstlab_2.o
 .debug_macro   0x00000e33      0x1df ./Src/GPIO_labs/firstlab_2.o
 .debug_macro   0x00001012       0x1c ./Src/GPIO_labs/firstlab_2.o
 .debug_macro   0x0000102e       0x22 ./Src/GPIO_labs/firstlab_2.o
 .debug_macro   0x00001050       0xfb ./Src/GPIO_labs/firstlab_2.o
 .debug_macro   0x0000114b     0x1011 ./Src/GPIO_labs/firstlab_2.o
 .debug_macro   0x0000215c      0x11f ./Src/GPIO_labs/firstlab_2.o
 .debug_macro   0x0000227b    0x18b8c ./Src/GPIO_labs/firstlab_2.o

.debug_line     0x00000000      0x72c
 .debug_line    0x00000000      0x6b1 ./Src/GPIO_labs/firstlab_2.o
 .debug_line    0x000006b1       0x7b ./Startup/startup_stm32g474vetx.o

.debug_str      0x00000000    0x9d9e2
 .debug_str     0x00000000    0x9d9e2 ./Src/GPIO_labs/firstlab_2.o
                              0x9db36 (size before relaxing)
 .debug_str     0x0009d9e2       0x7a ./Startup/startup_stm32g474vetx.o

.comment        0x00000000       0x43
 .comment       0x00000000       0x43 ./Src/GPIO_labs/firstlab_2.o
                                 0x44 (size before relaxing)

.debug_frame    0x00000000       0x54
 .debug_frame   0x00000000       0x28 ./Src/GPIO_labs/firstlab_2.o
 .debug_frame   0x00000028       0x2c D:/Application/CubeIDE/STM32CubeIDE_1.18.1/STM32CubeIDE/plugins/com.st.stm32cube.ide.mcu.externaltools.gnu-tools-for-stm32.13.3.rel1.win32_1.0.0.202411081344/tools/bin/../lib/gcc/arm-none-eabi/13.3.1/../../../../arm-none-eabi/lib/thumb/v7e-m+fp/hard\libc_nano.a(libc_a-init.o)

.debug_line_str
                0x00000000       0x5e
 .debug_line_str
                0x00000000       0x5e ./Startup/startup_stm32g474vetx.o
